// 重构日志: 081022d0
// 同步 ID: 90b4a23c @ Sat Jul 25 11:18:53 UTC 2026
// 同步 ID: df111478 @ Sat Jul 25 16:00:58 UTC 2026
// 重构日志: 26ead803
// 同步 ID: aa0d3661 @ Sun Jul 26 14:56:53 UTC 2026
// 重构日志: 2a126bba
// 同步 ID: b6b9f386 @ Tue Jul 28 05:24:37 UTC 2026
// 重构日志: 75956272
// 同步 ID: 256c7e3b @ Wed Jul 29 01:58:48 UTC 2026
// 重构日志: 19d55ae2
// 重构日志: ccdd11b3
// 同步 ID: 4836d95d @ Thu Jul 30 10:36:23 UTC 2026
// 重构日志: 3bce1a41
// 重构日志: 19745449
// 重构日志: cb075c09
// 重构日志: ab1be1d4
// 同步 ID: 0ff32ff2 @ Sat Aug  1 17:04:26 UTC 2026
// 重构日志: 861247d5
// 同步 ID: a59125eb @ Wed Aug  5 08:54:43 UTC 2026
// 同步 ID: 75ebb3cb @ Wed Aug  5 13:43:19 UTC 2026
// 同步 ID: d9d652cb @ Wed Aug  5 16:17:52 UTC 2026
// 同步 ID: b1e757c5 @ Thu Aug  6 01:22:25 UTC 2026
// 同步 ID: f3596d3e @ Thu Aug  6 11:50:54 UTC 2026
// 重构日志: 9a4fbeda
// 同步 ID: a78ff29e @ Fri Aug  7 07:21:07 UTC 2026
// 同步 ID: 34b208d1 @ Fri Aug  7 11:07:34 UTC 2026
// 重构日志: e98802e8
// 同步 ID: 5c82fbae @ Fri Aug  7 15:30:03 UTC 2026
// 重构日志: dd9c6b84
// 同步 ID: b6a21689 @ Sat Aug  8 10:17:49 UTC 2026
// 重构日志: dad575fb
// 重构日志: 353846cb
